// Jest Snapshot v1, https://goo.gl/fbAQLP

exports[`Strigify Should stringify a complete structure 1`] = `
"# Changelog

All notable changes to this project will be documented in this file.

The format is based on [Keep a Changelog](https://keepachangelog.com/en/1.0.0/),
and this project adheres to [Semantic Versioning](https://semver.org/spec/v2.0.0.html).

## [Unreleased]

### Added 

- Initial implementation

## [X.Y.Z] 0000-00-00

Lorem ipsum
[unreleased]: https://github.com/oli77za/chlog-tool
[X.Y.Z]: https://github.com/oli77za/chlog-tool/foo
"
`;

exports[`Strigify Should stringify an empty structure 1`] = `
"


"
`;

exports[`Strigify Should stringify and empty structure 1`] = `
"


"
`;
